PASS minimal/: 466 contacts, 5.09m route, peak -1.48
PASS minimal/bubbleStone: 471 contacts, 5.08m route, peak -1.48
PASS minimal/driftwoodArch: 496 contacts, 5.40m route, peak -1.48
PASS minimal/moonLantern: 489 contacts, 5.33m route, peak -1.48
PASS minimal/kelp: 466 contacts, 5.09m route, peak -1.48
PASS minimal/pearlShell: 523 contacts, 5.71m route, peak -1.48
PASS minimal/seaFan: 499 contacts, 5.41m route, peak -1.48
PASS minimal/bubbleStone+bubbleStone: 468 contacts, 5.09m route, peak -1.48
PASS minimal/bubbleStone+driftwoodArch: 563 contacts, 6.13m route, peak -1.48
PASS minimal/bubbleStone+moonLantern: 472 contacts, 5.09m route, peak -1.48
PASS minimal/bubbleStone+kelp: 472 contacts, 5.09m route, peak -1.48
PASS minimal/bubbleStone+pearlShell: 476 contacts, 5.16m route, peak -1.48
PASS minimal/bubbleStone+seaFan: 472 contacts, 5.09m route, peak -1.48
PASS minimal/driftwoodArch+driftwoodArch: 727 contacts, 7.87m route, peak -1.48
PASS minimal/driftwoodArch+moonLantern: 563 contacts, 6.13m route, peak -1.48
PASS minimal/driftwoodArch+kelp: 493 contacts, 5.36m route, peak -1.48
PASS minimal/driftwoodArch+pearlShell: 563 contacts, 6.13m route, peak -1.48
PASS minimal/driftwoodArch+seaFan: 493 contacts, 5.36m route, peak -1.48
PASS minimal/moonLantern+moonLantern: 487 contacts, 5.33m route, peak -1.48
PASS minimal/moonLantern+kelp: 487 contacts, 5.33m route, peak -1.48
PASS minimal/moonLantern+pearlShell: 548 contacts, 5.94m route, peak -1.48
PASS minimal/moonLantern+seaFan: 487 contacts, 5.33m route, peak -1.48
PASS minimal/kelp+kelp: 498 contacts, 5.38m route, peak -1.48
PASS minimal/kelp+pearlShell: 548 contacts, 5.94m route, peak -1.48
PASS minimal/kelp+seaFan: 520 contacts, 5.62m route, peak -1.48
PASS minimal/pearlShell+pearlShell: 506 contacts, 5.50m route, peak -1.48
PASS minimal/pearlShell+seaFan: 548 contacts, 5.94m route, peak -1.48
PASS minimal/seaFan+seaFan: 520 contacts, 5.62m route, peak -1.48
PASS coralGarden/: 495 contacts, 5.38m route, peak -1.48
PASS coralGarden/bubbleStone: 498 contacts, 5.36m route, peak -1.48
PASS coralGarden/driftwoodArch: 521 contacts, 5.65m route, peak -1.48
PASS coralGarden/moonLantern: 548 contacts, 5.87m route, peak -1.48
PASS coralGarden/kelp: 505 contacts, 5.48m route, peak -1.48
PASS coralGarden/pearlShell: 536 contacts, 5.79m route, peak -1.48
PASS coralGarden/seaFan: 517 contacts, 5.57m route, peak -1.48
PASS coralGarden/bubbleStone+bubbleStone: 481 contacts, 5.17m route, peak -1.48
PASS coralGarden/bubbleStone+driftwoodArch: 578 contacts, 6.21m route, peak -1.48
PASS coralGarden/bubbleStone+moonLantern: 485 contacts, 5.17m route, peak -1.48
PASS coralGarden/bubbleStone+kelp: 485 contacts, 5.17m route, peak -1.48
PASS coralGarden/bubbleStone+pearlShell: 489 contacts, 5.24m route, peak -1.48
PASS coralGarden/bubbleStone+seaFan: 485 contacts, 5.17m route, peak -1.48
PASS coralGarden/driftwoodArch+driftwoodArch: 740 contacts, 7.96m route, peak -1.48
PASS coralGarden/driftwoodArch+moonLantern: 578 contacts, 6.21m route, peak -1.48
PASS coralGarden/driftwoodArch+kelp: 506 contacts, 5.44m route, peak -1.48
PASS coralGarden/driftwoodArch+pearlShell: 578 contacts, 6.21m route, peak -1.48
PASS coralGarden/driftwoodArch+seaFan: 506 contacts, 5.44m route, peak -1.48
PASS coralGarden/moonLantern+moonLantern: 500 contacts, 5.41m route, peak -1.48
PASS coralGarden/moonLantern+kelp: 500 contacts, 5.41m route, peak -1.48
PASS coralGarden/moonLantern+pearlShell: 561 contacts, 6.03m route, peak -1.48
PASS coralGarden/moonLantern+seaFan: 500 contacts, 5.41m route, peak -1.48
PASS coralGarden/kelp+kelp: 511 contacts, 5.47m route, peak -1.48
PASS coralGarden/kelp+pearlShell: 561 contacts, 6.03m route, peak -1.48
PASS coralGarden/kelp+seaFan: 533 contacts, 5.70m route, peak -1.48
PASS coralGarden/pearlShell+pearlShell: 519 contacts, 5.59m route, peak -1.48
PASS coralGarden/pearlShell+seaFan: 561 contacts, 6.03m route, peak -1.48
PASS coralGarden/seaFan+seaFan: 533 contacts, 5.70m route, peak -1.48
PASS riverRocks/: 554 contacts, 6.12m route, peak -0.83
PASS riverRocks/bubbleStone: 559 contacts, 6.10m route, peak -0.83
PASS riverRocks/driftwoodArch: 584 contacts, 6.42m route, peak -0.83
PASS riverRocks/moonLantern: 577 contacts, 6.36m route, peak -0.83
PASS riverRocks/kelp: 554 contacts, 6.12m route, peak -0.83
PASS riverRocks/pearlShell: 609 contacts, 6.70m route, peak -0.83
PASS riverRocks/seaFan: 587 contacts, 6.42m route, peak -0.83
PASS riverRocks/bubbleStone+bubbleStone: 464 contacts, 5.09m route, peak -1.14
PASS riverRocks/bubbleStone+driftwoodArch: 559 contacts, 6.13m route, peak -1.14
PASS riverRocks/bubbleStone+moonLantern: 468 contacts, 5.09m route, peak -1.14
PASS riverRocks/bubbleStone+kelp: 468 contacts, 5.09m route, peak -1.14
PASS riverRocks/bubbleStone+pearlShell: 472 contacts, 5.16m route, peak -1.14
PASS riverRocks/bubbleStone+seaFan: 468 contacts, 5.09m route, peak -1.14
PASS riverRocks/driftwoodArch+driftwoodArch: 723 contacts, 7.87m route, peak -1.14
PASS riverRocks/driftwoodArch+moonLantern: 559 contacts, 6.13m route, peak -1.14
PASS riverRocks/driftwoodArch+kelp: 489 contacts, 5.36m route, peak -1.14
PASS riverRocks/driftwoodArch+pearlShell: 559 contacts, 6.13m route, peak -1.14
PASS riverRocks/driftwoodArch+seaFan: 489 contacts, 5.36m route, peak -1.14
PASS riverRocks/moonLantern+moonLantern: 483 contacts, 5.33m route, peak -1.14
PASS riverRocks/moonLantern+kelp: 483 contacts, 5.33m route, peak -1.14
PASS riverRocks/moonLantern+pearlShell: 544 contacts, 5.94m route, peak -1.14
PASS riverRocks/moonLantern+seaFan: 483 contacts, 5.33m route, peak -1.14
PASS riverRocks/kelp+kelp: 494 contacts, 5.38m route, peak -1.14
PASS riverRocks/kelp+pearlShell: 544 contacts, 5.94m route, peak -1.14
PASS riverRocks/kelp+seaFan: 516 contacts, 5.61m route, peak -1.14
PASS riverRocks/pearlShell+pearlShell: 502 contacts, 5.50m route, peak -1.14
PASS riverRocks/pearlShell+seaFan: 544 contacts, 5.94m route, peak -1.14
PASS riverRocks/seaFan+seaFan: 516 contacts, 5.61m route, peak -1.14
PASS glassPearls/: 559 contacts, 6.11m route, peak -0.96
PASS glassPearls/bubbleStone: 564 contacts, 6.09m route, peak -0.96
PASS glassPearls/driftwoodArch: 589 contacts, 6.42m route, peak -0.96
PASS glassPearls/moonLantern: 582 contacts, 6.35m route, peak -0.96
PASS glassPearls/kelp: 559 contacts, 6.11m route, peak -0.96
PASS glassPearls/pearlShell: 615 contacts, 6.71m route, peak -0.96
PASS glassPearls/seaFan: 592 contacts, 6.42m route, peak -0.96
PASS glassPearls/bubbleStone+bubbleStone: 487 contacts, 5.34m route, peak -1.14
PASS glassPearls/bubbleStone+driftwoodArch: 582 contacts, 6.38m route, peak -1.14
PASS glassPearls/bubbleStone+moonLantern: 491 contacts, 5.34m route, peak -1.14
PASS glassPearls/bubbleStone+kelp: 491 contacts, 5.34m route, peak -1.14
PASS glassPearls/bubbleStone+pearlShell: 495 contacts, 5.41m route, peak -1.14
PASS glassPearls/bubbleStone+seaFan: 491 contacts, 5.34m route, peak -1.14
PASS glassPearls/driftwoodArch+driftwoodArch: 746 contacts, 8.12m route, peak -1.14
PASS glassPearls/driftwoodArch+moonLantern: 582 contacts, 6.38m route, peak -1.14
PASS glassPearls/driftwoodArch+kelp: 512 contacts, 5.61m route, peak -1.14
PASS glassPearls/driftwoodArch+pearlShell: 582 contacts, 6.38m route, peak -1.14
PASS glassPearls/driftwoodArch+seaFan: 512 contacts, 5.61m route, peak -1.14
PASS glassPearls/moonLantern+moonLantern: 506 contacts, 5.58m route, peak -1.14
PASS glassPearls/moonLantern+kelp: 506 contacts, 5.58m route, peak -1.14
PASS glassPearls/moonLantern+pearlShell: 567 contacts, 6.19m route, peak -1.14
PASS glassPearls/moonLantern+seaFan: 506 contacts, 5.58m route, peak -1.14
PASS glassPearls/kelp+kelp: 517 contacts, 5.63m route, peak -1.14
PASS glassPearls/kelp+pearlShell: 567 contacts, 6.19m route, peak -1.14
PASS glassPearls/kelp+seaFan: 539 contacts, 5.86m route, peak -1.14
PASS glassPearls/pearlShell+pearlShell: 525 contacts, 5.75m route, peak -1.14
PASS glassPearls/pearlShell+seaFan: 567 contacts, 6.19m route, peak -1.14
PASS glassPearls/seaFan+seaFan: 539 contacts, 5.86m route, peak -1.14
PASS: all habitat combinations, rock climbing, arch passage, shrimp/submarine clearance, visible snail attachment, independent rests, eased starts/stops, orientation, reduced motion and 30/60 fps. 44.031665086746216s
